==== bbpack log started 2025-11-12T13:37:48.849Z ====
[2025-11-12T13:37:48.850Z] [INFO] 🚀 开始处理bbpack文件...
[2025-11-12T13:37:48.850Z] [INFO] ================================================================================
[2025-11-12T13:37:48.850Z] [INFO] 
🔍 第零步：构建文件缓存
[2025-11-12T13:37:48.850Z] [INFO] ----------------------------------------
[2025-11-12T13:37:48.850Z] [INFO] 🔍 开始构建文件缓存...
[2025-11-12T13:37:48.852Z] [INFO]   📄 发现 442 个 bbmodel 文件
[2025-11-12T13:37:49.060Z] [INFO]   📄 发现 1180 个 particles 目录中的 particle 文件
[2025-11-12T13:37:49.162Z] [INFO] ✅ 文件缓存构建完成: 442 个 bbmodel 文件, 2360 个粒子文件
[2025-11-12T13:37:49.162Z] [INFO] 
📝 第一步：检查动画名称规范
[2025-11-12T13:37:49.162Z] [INFO] ----------------------------------------
[2025-11-12T13:37:49.163Z] [INFO] 开始检查bbmodel文件中的动画名称规范...
[2025-11-12T13:37:49.163Z] [INFO] ============================================================
[2025-11-12T13:37:50.072Z] [INFO] 
============================================================
[2025-11-12T13:37:50.072Z] [INFO] 检查完成！
[2025-11-12T13:37:50.072Z] [INFO] 总共检查了 442 个 bbmodel 文件
[2025-11-12T13:37:50.072Z] [INFO] ✅ 所有动画名称都符合规范！
[2025-11-12T13:37:50.072Z] [INFO] ============================================================
[2025-11-12T13:37:50.072Z] [INFO] 
🔍 第二步：检查粒子引用关系
[2025-11-12T13:37:50.072Z] [INFO] ----------------------------------------
[2025-11-12T13:37:50.073Z] [INFO] 开始检查bbmodel与particle.json文件的引用关系...
[2025-11-12T13:37:50.073Z] [INFO] ============================================================
[2025-11-12T13:37:50.344Z] [INFO]   📦 particles 目录中有 1180 个可用粒子ID
[2025-11-12T13:37:50.350Z] [INFO]     信息：armor_arata_suit_1.bbmodel 没有animations，这是正常的
[2025-11-12T13:37:50.350Z] [INFO]     信息：armor_arata_suit_2.bbmodel 没有animations，这是正常的
[2025-11-12T13:37:50.350Z] [INFO]     信息：armor_arata_suit_3.bbmodel 没有animations，这是正常的
[2025-11-12T13:37:50.350Z] [INFO]     信息：armor_arata_suit_4.bbmodel 没有animations，这是正常的
[2025-11-12T13:37:50.350Z] [INFO]     信息：armor_arata_suit_5.bbmodel 没有animations，这是正常的
[2025-11-12T13:37:50.350Z] [INFO]     信息：armor_black_coat.bbmodel 没有animations，这是正常的
[2025-11-12T13:37:50.350Z] [INFO]     信息：armor_black_reaper.bbmodel 没有animations，这是正常的
[2025-11-12T13:37:50.350Z] [INFO]     信息：armor_blue_jacket.bbmodel 没有animations，这是正常的
[2025-11-12T13:37:50.350Z] [INFO]     信息：armor_blue_overall.bbmodel 没有animations，这是正常的
[2025-11-12T13:37:50.350Z] [INFO]     信息：armor_bunny_hoodie.bbmodel 没有animations，这是正常的
[2025-11-12T13:37:50.350Z] [INFO]     信息：armor_chained_prisoner.bbmodel 没有animations，这是正常的
[2025-11-12T13:37:50.350Z] [INFO]     信息：armor_clown_dress.bbmodel 没有animations，这是正常的
[2025-11-12T13:37:50.350Z] [INFO]     信息：armor_green_outfit.bbmodel 没有animations，这是正常的
[2025-11-12T13:37:50.350Z] [INFO]     信息：armor_leather_jacket.bbmodel 没有animations，这是正常的
[2025-11-12T13:37:50.350Z] [INFO]     信息：armor_leprechaun.bbmodel 没有animations，这是正常的
[2025-11-12T13:37:50.350Z] [INFO]     信息：armor_navy_outfit.bbmodel 没有animations，这是正常的
[2025-11-12T13:37:50.350Z] [INFO]     信息：armor_noir_outfit.bbmodel 没有animations，这是正常的
[2025-11-12T13:37:50.350Z] [INFO]     信息：armor_purple_outfit.bbmodel 没有animations，这是正常的
[2025-11-12T13:37:50.350Z] [INFO]     信息：armor_purple_overall.bbmodel 没有animations，这是正常的
[2025-11-12T13:37:50.350Z] [INFO]     信息：armor_shop_owner.bbmodel 没有animations，这是正常的
[2025-11-12T13:37:50.351Z] [INFO]     信息：effect_frozen_spine.bbmodel 没有animations，这是正常的
[2025-11-12T13:37:50.352Z] [INFO]     信息：head_black_red_mask.bbmodel 没有animations，这是正常的
[2025-11-12T13:37:50.352Z] [INFO]     信息：head_blindfold.bbmodel 没有animations，这是正常的
[2025-11-12T13:37:50.352Z] [INFO]     信息：head_blue_mask.bbmodel 没有animations，这是正常的
[2025-11-12T13:37:50.352Z] [INFO]     信息：head_crimson_mask.bbmodel 没有animations，这是正常的
[2025-11-12T13:37:50.352Z] [INFO]     信息：head_fang_mask.bbmodel 没有animations，这是正常的
[2025-11-12T13:37:50.352Z] [INFO]     信息：head_gas_mask.bbmodel 没有animations，这是正常的
[2025-11-12T13:37:50.352Z] [INFO]     信息：head_jason_mask.bbmodel 没有animations，这是正常的
[2025-11-12T13:37:50.352Z] [INFO]     信息：head_kitsune_mask.bbmodel 没有animations，这是正常的
[2025-11-12T13:37:50.352Z] [INFO]     信息：head_oni_mask.bbmodel 没有animations，这是正常的
[2025-11-12T13:37:50.352Z] [INFO]     信息：head_plague_mask.bbmodel 没有animations，这是正常的
[2025-11-12T13:37:50.352Z] [INFO]     信息：head_rabbit_mask.bbmodel 没有animations，这是正常的
[2025-11-12T13:37:50.352Z] [INFO]     信息：head_red_skull_mask.bbmodel 没有animations，这是正常的
[2025-11-12T13:37:50.352Z] [INFO]     信息：head_ski_mask.bbmodel 没有animations，这是正常的
[2025-11-12T13:37:50.352Z] [INFO]     信息：head_tengu_mask.bbmodel 没有animations，这是正常的
[2025-11-12T13:37:50.352Z] [INFO]     信息：head_xhead_mask.bbmodel 没有animations，这是正常的
[2025-11-12T13:37:50.352Z] [INFO]     信息：kagune_fpp.bbmodel 没有animations，这是正常的
[2025-11-12T13:37:50.356Z] [INFO]     ❌ 检查bbmodel: effect_toxic_trident.bbmodel 找到 2 个缺失的粒子引用
[2025-11-12T13:37:50.357Z] [INFO]     ❌ 检查bbmodel: kagune_ukaku_devil_wing.bbmodel 找到 1 个缺失的粒子引用
[2025-11-12T13:37:50.357Z] [INFO]     ❌ 检查bbmodel: mini_boss_investigator_jack.bbmodel 找到 1 个缺失的粒子引用
[2025-11-12T13:37:50.357Z] [INFO] 
============================================================
[2025-11-12T13:37:50.357Z] [INFO] 检查完成！
[2025-11-12T13:37:50.357Z] [INFO] 总共检查了 442 个 bbmodel 文件
[2025-11-12T13:37:50.357Z] [INFO] 总共发现 4 个缺失的粒子引用
[2025-11-12T13:37:50.357Z] [INFO] 
============================================================
[2025-11-12T13:37:50.357Z] [INFO] 缺失的粒子引用详细列表：
[2025-11-12T13:37:50.357Z] [INFO] ============================================================
[2025-11-12T13:37:50.357Z] [INFO]   🔸 文件: effect_toxic_trident.bbmodel
[2025-11-12T13:37:50.357Z] [INFO]     ❌ 缺失ID: toxic_trident_1
[2025-11-12T13:37:50.357Z] [INFO]   🔸 文件: effect_toxic_trident.bbmodel
[2025-11-12T13:37:50.357Z] [INFO]     ❌ 缺失ID: toxic_trident_2
[2025-11-12T13:37:50.357Z] [INFO]   🔸 文件: kagune_ukaku_devil_wing.bbmodel
[2025-11-12T13:37:50.357Z] [INFO]     ❌ 缺失ID: investigator_jack_skill3_2 
[2025-11-12T13:37:50.357Z] [INFO]   🔸 文件: mini_boss_investigator_jack.bbmodel
[2025-11-12T13:37:50.357Z] [INFO]     ❌ 缺失ID: investigator_jack_skill3_2 
[2025-11-12T13:37:50.360Z] [INFO] 
📄 粒子引用关系已输出到: tools\outputs\bbpack_particle_references.json
[2025-11-12T13:37:50.360Z] [INFO] 
🔍 第三步：检查粒子ID
[2025-11-12T13:37:50.360Z] [INFO] ----------------------------------------
[2025-11-12T13:37:50.360Z] [INFO] 开始检查并修复 particles 目录中的粒子ID命名空间...
[2025-11-12T13:37:50.360Z] [INFO] ============================================================
[2025-11-12T13:37:50.367Z] [INFO] 
============================================================
[2025-11-12T13:37:50.367Z] [INFO] 检查完成！
[2025-11-12T13:37:50.367Z] [INFO] 共处理 1180 个particle文件
[2025-11-12T13:37:50.367Z] [INFO] ✅ 所有粒子ID命名空间均已正确
[2025-11-12T13:37:50.367Z] [INFO] 
🧩 第四步：修复粒子材质纹理路径
[2025-11-12T13:37:50.367Z] [INFO] ----------------------------------------
[2025-11-12T13:37:50.367Z] [INFO] 开始修复粒子文件纹理引用路径...
[2025-11-12T13:37:51.684Z] [INFO] 
📋 第五步：修复flipbook UV
[2025-11-12T13:37:51.684Z] [INFO] ----------------------------------------
[2025-11-12T13:37:51.684Z] [INFO] 开始修正使用 flipbook 的粒子 UV...
[2025-11-12T13:37:52.366Z] [INFO]   ✅ 所有 flipbook UV 配置正确
[2025-11-12T13:37:52.366Z] [INFO] 
📦 第六步：复制bbpack文件
[2025-11-12T13:37:52.366Z] [INFO] ----------------------------------------
[2025-11-12T13:37:52.367Z] [INFO] 开始智能复制 particles 目录中的 particle 文件...
[2025-11-12T13:37:52.367Z] [INFO] ============================================================
[2025-11-12T13:37:52.549Z] [INFO] 
📁 处理particle文件...
[2025-11-12T13:37:52.551Z] [INFO] 
============================================================
[2025-11-12T13:37:52.551Z] [INFO] 智能复制完成！
[2025-11-12T13:37:52.551Z] [INFO] 📊 处理统计:
[2025-11-12T13:37:52.551Z] [INFO]   ➕ 新增文件: 0 个
[2025-11-12T13:37:52.551Z] [INFO]   🔄 更新文件: 0 个
[2025-11-12T13:37:52.551Z] [INFO]   ⏭️  跳过文件: 1180 个 (未修改)
[2025-11-12T13:37:52.551Z] [INFO]   🗑️  删除文件: 0 个 (已过期)
[2025-11-12T13:37:52.551Z] [INFO]   📁 总共: 1180 个源文件
[2025-11-12T13:37:52.551Z] [INFO] 目标路径: D:\coding\projects\minecraft-dev\project\nsgl\resource_packs\ns_gl\particles
[2025-11-12T13:37:52.551Z] [INFO] ℹ️  bbmodel文件无需复制，处理程序将直接从bbpack文件夹读取
[2025-11-12T13:37:52.551Z] [INFO] 
🧹 清理数据缓存
[2025-11-12T13:37:52.551Z] [INFO] ----------------------------------------
[2025-11-12T13:37:52.551Z] [INFO] 🧹 数据缓存已清空
[2025-11-12T13:37:52.551Z] [INFO] 
================================================================================
[2025-11-12T13:37:52.551Z] [INFO] 🎉 bbpack文件处理完成！
[2025-11-12T13:37:52.551Z] [INFO] ================================================================================
[2025-11-12T13:37:52.551Z] [INFO] --- profiling summary (top 40) ---
[2025-11-12T13:37:52.551Z] [INFO] processBbpackFiles_total: 3701.00 ms (x1)
[2025-11-12T13:37:52.551Z] [INFO] checkAnimationIds_total: 909.00 ms (x1)
[2025-11-12T13:37:52.551Z] [INFO] fixFlipbookUVs_total: 682.00 ms (x1)
[2025-11-12T13:37:52.551Z] [INFO] buildFileCache_total: 312.00 ms (x1)
[2025-11-12T13:37:52.551Z] [INFO] checkParticleReferences_total: 284.00 ms (x1)
[2025-11-12T13:37:52.551Z] [INFO] copyBbpackFiles_total: 185.00 ms (x1)
[2025-11-12T13:37:52.551Z] [INFO] copyBbpack_checkFiles: 180.00 ms (x1)
[2025-11-12T13:37:52.551Z] [INFO] checkParticleIds_total: 7.00 ms (x1)
[2025-11-12T13:37:52.551Z] [INFO] copyBbpack_copyFiles: 2.00 ms (x1)
[2025-11-12T13:37:52.551Z] [INFO] copyBbpack_deleteFiles: 0.00 ms (x1)
